// Jest Snapshot v1, https://goo.gl/fbAQLP

exports[`Reducers Login Debe Despachar LOGIN_SUCCESS 1`] = `Object {}`;
